// Jest Snapshot v1, https://goo.gl/fbAQLP

exports[`HubFile reads a basic hub.txt file 1`] = `
Map {
  "hub" => "UCSCHub",
  "shortLabel" => "UCSC Hub",
  "longLabel" => "UCSC Genome Informatics Hub for human DNase and RNAseq data",
  "genomesFile" => "genomes.txt",
  "email" => "genome@soe.ucsc.edu",
  "descriptionUrl" => "ucscHub.html",
}
`;
