// Jest Snapshot v1, https://goo.gl/fbAQLP

exports[`TrackDbFile gets settings 1`] = `
Map {
  "myFolder" => Map {
    "track" => "myFolder",
    "superTrack" => "on show",
    "group" => "regulation",
    "shortLabel" => "My Folder",
    "longLabel" => "My folder keeps my tracks together",
  },
  "myFirstTrack" => Map {
    "track" => "myFirstTrack",
    "shortLabel" => "My first track",
    "longLabel" => "The first track in my subtrack",
    "type" => "bigBed 3",
    "bigDataUrl" => "data/first.bb",
    "parent" => "myFolder",
    "visibility" => "dense",
  },
  "mySecondTrack" => Map {
    "track" => "mySecondTrack",
    "shortLabel" => "My second track",
    "longLabel" => "The second track in my subtrack",
    "type" => "bigBed 3",
    "bigDataUrl" => "data/second.bb",
    "parent" => "myFolder",
    "visibility" => "hide",
  },
}
`;

exports[`TrackDbFile gets settings 2`] = `
Map {
  "track" => "myFirstTrack",
  "superTrack" => "on show",
  "group" => "regulation",
  "shortLabel" => "My first track",
  "longLabel" => "The first track in my subtrack",
  "type" => "bigBed 3",
  "bigDataUrl" => "data/first.bb",
  "parent" => "myFolder",
  "visibility" => "dense",
}
`;

exports[`TrackDbFile parses an extended trackDB.txt file 1`] = `
Map {
  "PRRSv_Control_26" => Map {
    "track" => "PRRSv_Control_26",
    "superTrack" => "on",
    "group" => "regulation",
    "shortLabel" => "PRRSv Control 26",
    "longLabel" => "PRRSv Control Pig #26 Hippocampal Gene Expression",
    "html" => "PRRSv/description.html",
  },
  "26_RNA-seq" => Map {
    "track" => "26_RNA-seq",
    "parent" => "PRRSv_Control_26",
    "container" => "multiWig",
    "shortLabel" => "PRRSv Control RNA-seq",
    "longLabel" => "PRRSv Control Pig #26 Hippocampal RNA-seq Raw Signal",
    "type" => "bigWig",
    "viewLimits" => "-10:10",
    "visibility" => "full",
    "aggregate" => "solidOverlay",
    "showSubtrackColorOnUi" => "on",
    "windowingFunction" => "mean+whiskers",
    "html" => "PRRSv/26_RNA-seq.html",
  },
  "26_plus" => Map {
    "track" => "26_plus",
    "type" => "bigWig 0 100",
    "shortLabel" => "PRRSv Control Plus",
    "longLabel" => "PRRSv Control Pig #26 Plus Strand Hippocampal RNA-seq Raw Signal",
    "bigDataUrl" => "PRRSv/26_plus.bigwig",
    "parent" => "26_RNA-seq",
    "color" => "0,0,255",
  },
  "26_minus" => Map {
    "track" => "26_minus",
    "type" => "bigWig 0 -100",
    "shortLabel" => "PRRSv Control Minus",
    "longLabel" => "PRRSv Control Pig #26  Minus Strand Hippocampal RNA-seq Raw Signal",
    "bigDataUrl" => "PRRSv/26_minus.bigwig",
    "parent" => "26_RNA-seq",
    "color" => "255,0,0",
  },
  "PRRSv_Control_27" => Map {
    "track" => "PRRSv_Control_27",
    "superTrack" => "on",
    "group" => "regulation",
    "shortLabel" => "PRRSv Control 27",
    "longLabel" => "PRRSv Control Pig #27 Hippocampal Gene Expression",
    "html" => "PRRSv/description.html",
  },
  "27_b_RNA-seq" => Map {
    "track" => "27_b_RNA-seq",
    "parent" => "PRRSv_Control_27",
    "container" => "multiWig",
    "visibility" => "full",
    "shortLabel" => "PRRSv Control RNA-seq",
    "longLabel" => "PRRSv Control Pig #27 Hippocampal RNA-seq Raw Signal",
    "type" => "bigWig",
    "viewLimits" => "-10:10",
    "aggregate" => "solidOverlay",
    "showSubtrackColorOnUi" => "on",
    "windowingFunction" => "mean+whiskers",
    "html" => "PRRSv/27_b_RNA-seq.html",
  },
  "27_b_plus" => Map {
    "track" => "27_b_plus",
    "type" => "bigWig 0 100",
    "shortLabel" => "PRRSv Control Plus",
    "longLabel" => "PRRSv Control Pig #27 Plus Strand Hippocampal RNA-seq Raw Signal",
    "bigDataUrl" => "PRRSv/27_b_plus.bigwig",
    "parent" => "27_b_RNA-seq",
    "color" => "0,0,255",
  },
  "27_b_minus" => Map {
    "track" => "27_b_minus",
    "type" => "bigWig 0 -100",
    "shortLabel" => "PRRSv Control Minus",
    "longLabel" => "PRRSv Control Pig #27 Minus Strand Hippocampal RNA-seq Raw Signal",
    "bigDataUrl" => "PRRSv/27_b_minus.bigwig",
    "parent" => "27_b_RNA-seq",
    "color" => "255,0,0",
  },
  "PRRSv_Control_30" => Map {
    "track" => "PRRSv_Control_30",
    "superTrack" => "on",
    "group" => "regulation",
    "shortLabel" => "PRRSv Control 30",
    "longLabel" => "PRRSv Control Pig #30 Hippocampal Gene Expression",
    "html" => "PRRSv/description.html",
  },
  "30_RNA-seq" => Map {
    "track" => "30_RNA-seq",
    "parent" => "PRRSv_Control_30",
    "container" => "multiWig",
    "visibility" => "full",
    "shortLabel" => "PRRSv Control RNA-seq",
    "longLabel" => "PRRSv Control Pig #30 Hippocampal RNA-seq Raw Signal",
    "type" => "bigWig",
    "viewLimits" => "-10:10",
    "aggregate" => "solidOverlay",
    "showSubtrackColorOnUi" => "on",
    "windowingFunction" => "mean+whiskers",
    "html" => "PRRSv/30_RNA-seq.html",
  },
  "30_plus" => Map {
    "track" => "30_plus",
    "type" => "bigWig 0 100",
    "shortLabel" => "PRRSv Control Plus",
    "longLabel" => "PRRSv Control Pig #30 Plus Strand Hippocampal RNA-seq Raw Signal",
    "bigDataUrl" => "PRRSv/30_plus.bigwig",
    "parent" => "30_RNA-seq",
    "color" => "0,0,255",
  },
  "30_minus" => Map {
    "track" => "30_minus",
    "type" => "bigWig 0 -100",
    "shortLabel" => "PRRSv Control Minus",
    "longLabel" => "PRRSv Control Pig #30 Minus Strand Hippocampal RNA-seq Raw Signal",
    "bigDataUrl" => "PRRSv/30_minus.bigwig",
    "parent" => "30_RNA-seq",
    "color" => "255,0,0",
  },
  "PRRSv_Control_34" => Map {
    "track" => "PRRSv_Control_34",
    "superTrack" => "on",
    "group" => "regulation",
    "shortLabel" => "PRRSv Control 34",
    "longLabel" => "PRRSv Control Pig #34 Hippocampal Gene Expression",
    "html" => "PRRSv/description.html",
  },
  "34_RNA-seq" => Map {
    "track" => "34_RNA-seq",
    "parent" => "PRRSv_Control_34",
    "container" => "multiWig",
    "visibility" => "full",
    "shortLabel" => "PRRSv Control RNA-seq",
    "longLabel" => "PRRSv Control Pig #34 Hippocampal RNA-seq Raw Signal",
    "type" => "bigWig",
    "viewLimits" => "-10:10",
    "aggregate" => "solidOverlay",
    "showSubtrackColorOnUi" => "on",
    "windowingFunction" => "mean+whiskers",
    "html" => "PRRSv/34_RNA-seq.html",
  },
  "34_plus" => Map {
    "track" => "34_plus",
    "type" => "bigWig 0 100",
    "shortLabel" => "PRRSv Control Plus",
    "longLabel" => "PRRSv Control Pig #34 Plus Strand Hippocampal RNA-seq Raw Signal",
    "bigDataUrl" => "PRRSv/34_plus.bigwig",
    "parent" => "34_RNA-seq",
    "color" => "0,0,255",
  },
  "34_minus" => Map {
    "track" => "34_minus",
    "type" => "bigWig 0 -100",
    "shortLabel" => "PRRSv Control Minus",
    "longLabel" => "PRRSv Control Pig #34 Minus Strand Hippocampal RNA-seq Raw Signal",
    "bigDataUrl" => "PRRSv/34_minus.bigwig",
    "parent" => "34_RNA-seq",
    "color" => "255,0,0",
  },
  "PRRSv_Control_37" => Map {
    "track" => "PRRSv_Control_37",
    "superTrack" => "on",
    "group" => "regulation",
    "shortLabel" => "PRRSv Control 37",
    "longLabel" => "PRRSv Control Pig #37 Hippocampal Gene Expression",
    "html" => "PRRSv/description.html",
  },
  "37_RNA-seq" => Map {
    "track" => "37_RNA-seq",
    "parent" => "PRRSv_Control_37",
    "container" => "multiWig",
    "visibility" => "full",
    "shortLabel" => "PRRSv Control RNA-seq",
    "longLabel" => "PRRSv Control Pig #37 Hippocampal RNA-seq Raw Signal",
    "type" => "bigWig",
    "viewLimits" => "-10:10",
    "aggregate" => "solidOverlay",
    "showSubtrackColorOnUi" => "on",
    "windowingFunction" => "mean+whiskers",
    "html" => "PRRSv/37_RNA-seq.html",
  },
  "37_plus" => Map {
    "track" => "37_plus",
    "type" => "bigWig 0 100",
    "shortLabel" => "PRRSv Control Plus",
    "longLabel" => "PRRSv Control Pig #37 Plus Strand Hippocampal RNA-seq Raw Signal",
    "bigDataUrl" => "PRRSv/37_plus.bigwig",
    "parent" => "37_RNA-seq",
    "color" => "0,0,255",
  },
  "37_minus" => Map {
    "track" => "37_minus",
    "type" => "bigWig 0 -100",
    "shortLabel" => "PRRSv Control Minus",
    "longLabel" => "PRRSv Control Pig #37 Minus Strand Hippocampal RNA-seq Raw Signal",
    "bigDataUrl" => "PRRSv/37_minus.bigwig",
    "parent" => "37_RNA-seq",
    "color" => "255,0,0",
  },
  "PRRSv_Infected_40" => Map {
    "track" => "PRRSv_Infected_40",
    "superTrack" => "on show",
    "group" => "regulation",
    "shortLabel" => "PRRSv Infected 40",
    "longLabel" => "PRRSv Infected Pig #40 Hippocampal Gene Expression",
    "html" => "PRRSv/description.html",
  },
  "40_RNA-seq" => Map {
    "track" => "40_RNA-seq",
    "parent" => "PRRSv_Infected_40",
    "container" => "multiWig",
    "visibility" => "full",
    "shortLabel" => "PRRSv Infected RNA-seq",
    "longLabel" => "PRRSv Infected Pig #40 Hippocampal RNA-seq Raw Signal",
    "type" => "bigWig",
    "viewLimits" => "-10:10",
    "aggregate" => "solidOverlay",
    "showSubtrackColorOnUi" => "on",
    "windowingFunction" => "mean+whiskers",
    "html" => "PRRSv/40_RNA-seq.html",
  },
  "40_plus" => Map {
    "track" => "40_plus",
    "type" => "bigWig 0 100",
    "shortLabel" => "PRRSv Infected Plus",
    "longLabel" => "PRRSv Infected Pig #40 Plus Strand Hippocampal RNA-seq Raw Signal",
    "bigDataUrl" => "PRRSv/40_plus.bigwig",
    "parent" => "40_RNA-seq",
    "color" => "0,0,255",
  },
  "40_minus" => Map {
    "track" => "40_minus",
    "type" => "bigWig 0 -100",
    "shortLabel" => "PRRSv Infected Minus",
    "longLabel" => "PRRSv Infected Pig #40 Minus Strand Hippocampal RNA-seq Raw Signal",
    "bigDataUrl" => "PRRSv/40_minus.bigwig",
    "parent" => "40_RNA-seq",
    "color" => "255,0,0",
  },
  "PRRSv_Infected_41" => Map {
    "track" => "PRRSv_Infected_41",
    "superTrack" => "on show",
    "group" => "regulation",
    "shortLabel" => "PRRSv Infected 41",
    "longLabel" => "PRRSv Infected Pig #41 Hippocampal Gene Expression",
    "html" => "PRRSv/description.html",
  },
  "41_RNA-seq" => Map {
    "track" => "41_RNA-seq",
    "parent" => "PRRSv_Infected_41",
    "container" => "multiWig",
    "visibility" => "full",
    "shortLabel" => "PRRSv Infected RNA-seq",
    "longLabel" => "PRRSv Infected Pig #41 Hippocampal RNA-seq Raw Signal",
    "type" => "bigWig",
    "viewLimits" => "-10:10",
    "aggregate" => "solidOverlay",
    "showSubtrackColorOnUi" => "on",
    "windowingFunction" => "mean+whiskers",
    "html" => "PRRSv/41_RNA-seq.html",
  },
  "41_plus" => Map {
    "track" => "41_plus",
    "type" => "bigWig 0 100",
    "shortLabel" => "PRRSv Infected Plus",
    "longLabel" => "PRRSv Infected Pig #41 Plus Strand Hippocampal RNA-seq Raw Signal",
    "bigDataUrl" => "PRRSv/41_plus.bigwig",
    "parent" => "41_RNA-seq",
    "color" => "0,0,255",
  },
  "41_minus" => Map {
    "track" => "41_minus",
    "type" => "bigWig 0 -100",
    "shortLabel" => "PRRSv Infected Minus",
    "longLabel" => "PRRSv Infected Pig #41 Minus Strand Hippocampal RNA-seq Raw Signal",
    "bigDataUrl" => "PRRSv/41_minus.bigwig",
    "parent" => "41_RNA-seq",
    "color" => "255,0,0",
  },
  "PRRSv_Infected_45" => Map {
    "track" => "PRRSv_Infected_45",
    "superTrack" => "on show",
    "group" => "regulation",
    "shortLabel" => "PRRSv Infected 45",
    "longLabel" => "PRRSv Infected Pig #45 Hippocampal Gene Expression",
    "html" => "PRRSv/description.html",
  },
  "45_RNA-seq" => Map {
    "track" => "45_RNA-seq",
    "parent" => "PRRSv_Infected_45",
    "container" => "multiWig",
    "visibility" => "full",
    "shortLabel" => "PRRSv Infected RNA-seq",
    "longLabel" => "PRRSv Infected Pig #45 Hippocampal RNA-seq Raw Signal",
    "type" => "bigWig",
    "viewLimits" => "-10:10",
    "aggregate" => "solidOverlay",
    "showSubtrackColorOnUi" => "on",
    "windowingFunction" => "mean+whiskers",
    "html" => "PRRSv/45_RNA-seq.html",
  },
  "45_plus" => Map {
    "track" => "45_plus",
    "type" => "bigWig 0 100",
    "shortLabel" => "PRRSv Infected Plus",
    "longLabel" => "PRRSv Infected Pig #45 Plus Strand Hippocampal RNA-seq Raw Signal",
    "bigDataUrl" => "PRRSv/45_plus.bigwig",
    "parent" => "45_RNA-seq",
    "color" => "0,0,255",
  },
  "45_minus" => Map {
    "track" => "45_minus",
    "type" => "bigWig 0 -100",
    "shortLabel" => "PRRSv Infected Minus",
    "longLabel" => "PRRSv Infected Pig #45 Minus Strand Hippocampal RNA-seq Raw Signal",
    "bigDataUrl" => "PRRSv/45_minus.bigwig",
    "parent" => "45_RNA-seq",
    "color" => "255,0,0",
  },
  "PRRSv_Infected_48" => Map {
    "track" => "PRRSv_Infected_48",
    "superTrack" => "on show",
    "group" => "regulation",
    "shortLabel" => "PRRSv Infected 48",
    "longLabel" => "PRRSv Infected Pig #48 Hippocampal Gene Expression",
    "html" => "PRRSv/description.html",
  },
  "48_RNA-seq" => Map {
    "track" => "48_RNA-seq",
    "parent" => "PRRSv_Infected_48",
    "container" => "multiWig",
    "visibility" => "full",
    "shortLabel" => "PRRSv Infected RNA-seq",
    "longLabel" => "PRRSv Infected Pig #48 Hippocampal RNA-seq Raw Signal",
    "type" => "bigWig",
    "viewLimits" => "-10:10",
    "aggregate" => "solidOverlay",
    "showSubtrackColorOnUi" => "on",
    "windowingFunction" => "mean+whiskers",
    "html" => "PRRSv/48_RNA-seq.html",
  },
  "48_plus" => Map {
    "track" => "48_plus",
    "type" => "bigWig 0 100",
    "shortLabel" => "PRRSv Infected Plus",
    "longLabel" => "PRRSv Infected Pig #48 Plus Strand Hippocampal RNA-seq Raw Signal",
    "bigDataUrl" => "PRRSv/48_plus.bigwig",
    "parent" => "48_RNA-seq",
    "color" => "0,0,255",
  },
  "48_minus" => Map {
    "track" => "48_minus",
    "type" => "bigWig 0 -100",
    "shortLabel" => "PRRSv Infected Minus",
    "longLabel" => "PRRSv Infected Pig #48 Minus Strand Hippocampal RNA-seq Raw Signal",
    "bigDataUrl" => "PRRSv/48_minus.bigwig",
    "parent" => "48_RNA-seq",
    "color" => "255,0,0",
  },
  "Iron_Control_13" => Map {
    "track" => "Iron_Control_13",
    "superTrack" => "on",
    "group" => "regulation",
    "shortLabel" => "Iron Control 13",
    "longLabel" => "Iron Control Pig #13 Hippocampal DNA Methylation and Gene Expression",
    "html" => "Iron/description.html",
  },
  "13_RRBS" => Map {
    "track" => "13_RRBS",
    "parent" => "Iron_Control_13",
    "compositeTrack" => "on",
    "shortLabel" => "Iron Control 13 RRBS",
    "longLabel" => "Iron Control Pig #13 Hippocampal DNA Methylation",
    "type" => "bigBed 9 +",
    "visibility" => "pack",
    "exonArrows" => "off",
    "itemRgb" => "on",
    "allButtonPair" => "on",
    "html" => "Iron/13_RRBS.html",
  },
  "13_RRBS_CpG" => Map {
    "track" => "13_RRBS_CpG",
    "type" => "bigBed 9 +",
    "parent" => "13_RRBS on",
    "bigDataUrl" => "Iron/13_CpG.bb",
    "shortLabel" => "Iron Control 13 CpG",
    "longLabel" => "Iron Control Pig #13 Hippocampal CpG Methylation",
    "labelOnFeature" => "on",
  },
  "13_RRBS_non_CpG" => Map {
    "track" => "13_RRBS_non_CpG",
    "type" => "bigBed 9 +",
    "parent" => "13_RRBS off",
    "bigDataUrl" => "Iron/13_non_CpG.bb",
    "shortLabel" => "Iron Control 13 Non-CpG",
    "longLabel" => "Iron Control Pig #13 Hippocampal Non-CpG Methylation",
    "labelOnFeature" => "on",
  },
  "13_RNA-seq" => Map {
    "track" => "13_RNA-seq",
    "parent" => "Iron_Control_13",
    "container" => "multiWig",
    "shortLabel" => "Iron Control 13 RNA-seq",
    "longLabel" => "Iron Control Pig #13 Hippocampal RNA-seq Raw Signal",
    "type" => "bigWig",
    "viewLimits" => "-10:10",
    "visibility" => "full",
    "aggregate" => "solidOverlay",
    "showSubtrackColorOnUi" => "on",
    "windowingFunction" => "mean+whiskers",
    "html" => "Iron/13_RNA-seq.html",
  },
  "13_plus" => Map {
    "track" => "13_plus",
    "type" => "bigWig 0 100",
    "shortLabel" => "Iron Control 13 Plus",
    "longLabel" => "Iron Control Pig #13 Hippocampal Plus Strand RNA-seq Raw Signal",
    "bigDataUrl" => "Iron/13_plus.bigwig",
    "parent" => "13_RNA-seq",
    "color" => "0,0,255",
  },
  "13_minus" => Map {
    "track" => "13_minus",
    "type" => "bigWig 0 -100",
    "shortLabel" => "Iron Control 13 Minus",
    "longLabel" => "Iron Control Pig #13 Hippocampal Minus Strand RNA-seq Raw Signal",
    "bigDataUrl" => "Iron/13_minus.bigwig",
    "parent" => "13_RNA-seq",
    "color" => "255,0,0",
  },
  "Iron_Deficient_15" => Map {
    "track" => "Iron_Deficient_15",
    "superTrack" => "on show",
    "group" => "regulation",
    "shortLabel" => "Iron Deficient 15",
    "longLabel" => "Iron Deficient Pig #15 Hippocampal DNA Methylation and Gene Expression",
    "html" => "Iron/description.html",
  },
  "15_RRBS" => Map {
    "track" => "15_RRBS",
    "parent" => "Iron_Deficient_15",
    "compositeTrack" => "on",
    "shortLabel" => "Iron Deficient 15 RRBS",
    "longLabel" => "Iron Deficient Pig #15 Hippocampal DNA Methylation",
    "type" => "bigBed 9 +",
    "visibility" => "pack",
    "exonArrows" => "off",
    "itemRgb" => "on",
    "allButtonPair" => "on",
    "html" => "Iron/15_RRBS.html",
  },
  "15_RRBS_CpG" => Map {
    "track" => "15_RRBS_CpG",
    "type" => "bigBed 9 +",
    "parent" => "15_RRBS on",
    "bigDataUrl" => "Iron/15_CpG.bb",
    "shortLabel" => "Iron Deficient 15 CpG",
    "longLabel" => "Iron Deficient Pig #15 Hippocampal CpG Methylation",
    "labelOnFeature" => "on",
  },
  "15_RRBS_non_CpG" => Map {
    "track" => "15_RRBS_non_CpG",
    "type" => "bigBed 9 +",
    "parent" => "15_RRBS off",
    "bigDataUrl" => "Iron/15_non_CpG.bb",
    "shortLabel" => "Iron Deficient 15 Non-CpG",
    "longLabel" => "Iron Deficient Pig #15 Hippocampal Non-CpG Methylation",
    "labelOnFeature" => "on",
  },
  "15_RNA-seq" => Map {
    "track" => "15_RNA-seq",
    "parent" => "Iron_Deficient_15",
    "container" => "multiWig",
    "shortLabel" => "Iron Deficient 15 RNA-seq",
    "longLabel" => "Iron Deficient Pig #15 Hippocampal RNA-seq Raw Signal",
    "type" => "bigWig",
    "viewLimits" => "-10:10",
    "visibility" => "full",
    "aggregate" => "solidOverlay",
    "showSubtrackColorOnUi" => "on",
    "windowingFunction" => "mean+whiskers",
    "html" => "Iron/15_RNA-seq.html",
  },
  "15_plus" => Map {
    "track" => "15_plus",
    "type" => "bigWig 0 100",
    "shortLabel" => "Iron Deficient 15 Plus",
    "longLabel" => "Iron Deficient Pig #15 Hippocampal Plus Strand RNA-seq Raw Signal",
    "bigDataUrl" => "Iron/15_plus.bigwig",
    "parent" => "15_RNA-seq",
    "color" => "0,0,255",
  },
  "15_minus" => Map {
    "track" => "15_minus",
    "type" => "bigWig 0 -100",
    "shortLabel" => "Iron Deficient 15 Minus",
    "longLabel" => "Iron Deficient Pig #15 Hippocampal Minus Strand RNA-seq Raw Signal",
    "bigDataUrl" => "Iron/15_minus.bigwig",
    "parent" => "15_RNA-seq",
    "color" => "255,0,0",
  },
  "Iron_Control_19" => Map {
    "track" => "Iron_Control_19",
    "superTrack" => "on",
    "group" => "regulation",
    "shortLabel" => "Iron Control 19",
    "longLabel" => "Iron Control Pig #19 Hippocampal DNA Methylation and Gene Expression",
    "html" => "Iron/description.html",
  },
  "19_RRBS" => Map {
    "track" => "19_RRBS",
    "parent" => "Iron_Control_19",
    "compositeTrack" => "on",
    "shortLabel" => "Iron Control 19 RRBS",
    "longLabel" => "Iron Control Pig #19 Hippocampal DNA Methylation",
    "type" => "bigBed 9 +",
    "visibility" => "pack",
    "exonArrows" => "off",
    "itemRgb" => "on",
    "allButtonPair" => "on",
    "html" => "Iron/19_RRBS.html",
  },
  "19_RRBS_CpG" => Map {
    "track" => "19_RRBS_CpG",
    "type" => "bigBed 9 +",
    "parent" => "19_RRBS on",
    "bigDataUrl" => "Iron/19_CpG.bb",
    "shortLabel" => "Iron Control 19 CpG",
    "longLabel" => "Iron Control Pig #19 Hippocampal CpG Methylation",
    "labelOnFeature" => "on",
  },
  "19_RRBS_non_CpG" => Map {
    "track" => "19_RRBS_non_CpG",
    "type" => "bigBed 9 +",
    "parent" => "19_RRBS off",
    "bigDataUrl" => "Iron/19_non_CpG.bb",
    "shortLabel" => "Iron Control 19 Non-CpG",
    "longLabel" => "Iron Control Pig #19 Hippocampal Non-CpG Methylation",
    "labelOnFeature" => "on",
  },
  "19_RNA-seq" => Map {
    "track" => "19_RNA-seq",
    "parent" => "Iron_Control_19",
    "container" => "multiWig",
    "shortLabel" => "Iron Control 19 RNA-seq",
    "longLabel" => "Iron Control Pig #19 Hippocampal RNA-seq Raw Signal",
    "type" => "bigWig",
    "viewLimits" => "-10:10",
    "visibility" => "full",
    "aggregate" => "solidOverlay",
    "showSubtrackColorOnUi" => "on",
    "windowingFunction" => "mean+whiskers",
    "html" => "Iron/19_RNA-seq.html",
  },
  "19_plus" => Map {
    "track" => "19_plus",
    "type" => "bigWig 0 100",
    "shortLabel" => "Iron Control 19 Plus",
    "longLabel" => "Iron Control Pig #19 Hippocampal Plus Strand RNA-seq Raw Signal",
    "bigDataUrl" => "Iron/19_plus.bigwig",
    "parent" => "19_RNA-seq",
    "color" => "0,0,255",
  },
  "19_minus" => Map {
    "track" => "19_minus",
    "type" => "bigWig 0 -100",
    "shortLabel" => "Iron Control 19 Minus",
    "longLabel" => "Iron Control Pig #19 Hippocampal Minus Strand RNA-seq Raw Signal",
    "bigDataUrl" => "Iron/19_minus.bigwig",
    "parent" => "19_RNA-seq",
    "color" => "255,0,0",
  },
  "Iron_Control_25" => Map {
    "track" => "Iron_Control_25",
    "superTrack" => "on",
    "group" => "regulation",
    "shortLabel" => "Iron Control 25",
    "longLabel" => "Iron Control Pig #25 Hippocampal DNA Methylation and Gene Expression",
    "html" => "Iron/description.html",
  },
  "25_RRBS" => Map {
    "track" => "25_RRBS",
    "parent" => "Iron_Control_25",
    "compositeTrack" => "on",
    "shortLabel" => "Iron Control 25 RRBS",
    "longLabel" => "Iron Control Pig #25 Hippocampal DNA Methylation",
    "type" => "bigBed 9 +",
    "visibility" => "pack",
    "exonArrows" => "off",
    "itemRgb" => "on",
    "allButtonPair" => "on",
    "html" => "Iron/25_RRBS.html",
  },
  "25_RRBS_CpG" => Map {
    "track" => "25_RRBS_CpG",
    "type" => "bigBed 9 +",
    "parent" => "25_RRBS on",
    "bigDataUrl" => "Iron/25_CpG.bb",
    "shortLabel" => "Iron Control 25 CpG",
    "longLabel" => "Iron Control Pig #25 Hippocampal CpG Methylation",
    "labelOnFeature" => "on",
  },
  "25_RRBS_non_CpG" => Map {
    "track" => "25_RRBS_non_CpG",
    "type" => "bigBed 9 +",
    "parent" => "25_RRBS off",
    "bigDataUrl" => "Iron/25_non_CpG.bb",
    "shortLabel" => "Iron Control 25 Non-CpG",
    "longLabel" => "Iron Control Pig #25 Hippocampal Non-CpG Methylation",
    "labelOnFeature" => "on",
  },
  "25_RNA-seq" => Map {
    "track" => "25_RNA-seq",
    "parent" => "Iron_Control_25",
    "container" => "multiWig",
    "shortLabel" => "Iron Control 25 RNA-seq",
    "longLabel" => "Iron Control Pig #25 Hippocampal RNA-seq Raw Signal",
    "type" => "bigWig",
    "viewLimits" => "-10:10",
    "visibility" => "full",
    "aggregate" => "solidOverlay",
    "showSubtrackColorOnUi" => "on",
    "windowingFunction" => "mean+whiskers",
    "html" => "Iron/25_RNA-seq.html",
  },
  "25_plus" => Map {
    "track" => "25_plus",
    "type" => "bigWig 0 100",
    "shortLabel" => "Iron Control 25 Plus",
    "longLabel" => "Iron Control Pig #25 Hippocampal Plus Strand RNA-seq Raw Signal",
    "bigDataUrl" => "Iron/25_plus.bigwig",
    "parent" => "25_RNA-seq",
    "color" => "0,0,255",
  },
  "25_minus" => Map {
    "track" => "25_minus",
    "type" => "bigWig 0 -100",
    "shortLabel" => "Iron Control 25 Minus",
    "longLabel" => "Iron Control Pig #25 Hippocampal Minus Strand RNA-seq Raw Signal",
    "bigDataUrl" => "Iron/25_minus.bigwig",
    "parent" => "25_RNA-seq",
    "color" => "255,0,0",
  },
  "Iron_Deficient_27" => Map {
    "track" => "Iron_Deficient_27",
    "superTrack" => "on show",
    "group" => "regulation",
    "shortLabel" => "Iron Deficient 27",
    "longLabel" => "Iron Deficient Pig #27 Hippocampal DNA Methylation and Gene Expression",
    "html" => "Iron/description.html",
  },
  "27_a_RRBS" => Map {
    "track" => "27_a_RRBS",
    "parent" => "Iron_Deficient_27",
    "compositeTrack" => "on",
    "shortLabel" => "Iron Deficient 27 RRBS",
    "longLabel" => "Iron Deficient Pig #27 Hippocampal DNA Methylation",
    "type" => "bigBed 9 +",
    "visibility" => "pack",
    "exonArrows" => "off",
    "itemRgb" => "on",
    "allButtonPair" => "on",
    "html" => "Iron/27_RRBS.html",
  },
  "27_a_RRBS_CpG" => Map {
    "track" => "27_a_RRBS_CpG",
    "type" => "bigBed 9 +",
    "parent" => "27_a_RRBS on",
    "bigDataUrl" => "Iron/27_a_CpG.bb",
    "shortLabel" => "Iron Deficient 27 CpG",
    "longLabel" => "Iron Deficient Pig #27 Hippocampal CpG Methylation",
    "labelOnFeature" => "on",
  },
  "27_a_RRBS_non_CpG" => Map {
    "track" => "27_a_RRBS_non_CpG",
    "type" => "bigBed 9 +",
    "parent" => "27_a_RRBS off",
    "bigDataUrl" => "Iron/27_a_non_CpG.bb",
    "shortLabel" => "Iron Deficient 27 Non-CpG",
    "longLabel" => "Iron Deficient Pig #27 Hippocampal Non-CpG Methylation",
    "labelOnFeature" => "on",
  },
  "27_a_RNA-seq" => Map {
    "track" => "27_a_RNA-seq",
    "parent" => "Iron_Deficient_27",
    "container" => "multiWig",
    "shortLabel" => "Iron Deficient 27 RNA-seq",
    "longLabel" => "Iron Deficient Pig #27 Hippocampal RNA-seq Raw Signal",
    "type" => "bigWig",
    "viewLimits" => "-10:10",
    "visibility" => "full",
    "aggregate" => "solidOverlay",
    "showSubtrackColorOnUi" => "on",
    "windowingFunction" => "mean+whiskers",
    "html" => "Iron/27_RNA-seq.html",
  },
  "27_a_plus" => Map {
    "track" => "27_a_plus",
    "type" => "bigWig 0 100",
    "shortLabel" => "Iron Deficient 27 Plus",
    "longLabel" => "Iron Deficient Pig #27 Hippocampal Plus Strand RNA-seq Raw Signal",
    "bigDataUrl" => "Iron/27_a_plus.bigwig",
    "parent" => "27_a_RNA-seq",
    "color" => "0,0,255",
  },
  "27_a_minus" => Map {
    "track" => "27_a_minus",
    "type" => "bigWig 0 -100",
    "shortLabel" => "Iron Deficient 27 Minus",
    "longLabel" => "Iron Deficient Pig #27 Hippocampal Minus Strand RNA-seq Raw Signal",
    "bigDataUrl" => "Iron/27_a_minus.bigwig",
    "parent" => "27_a_RNA-seq",
    "color" => "255,0,0",
  },
  "Iron_Control_31" => Map {
    "track" => "Iron_Control_31",
    "superTrack" => "on",
    "group" => "regulation",
    "shortLabel" => "Iron Control 31",
    "longLabel" => "Iron Control Pig #31 Hippocampal DNA Methylation and Gene Expression",
    "html" => "Iron/description.html",
  },
  "31_RRBS" => Map {
    "track" => "31_RRBS",
    "parent" => "Iron_Control_31",
    "compositeTrack" => "on",
    "shortLabel" => "Iron Control 31 RRBS",
    "longLabel" => "Iron Control Pig #31 Hippocampal DNA Methylation",
    "type" => "bigBed 9 +",
    "visibility" => "pack",
    "exonArrows" => "off",
    "itemRgb" => "on",
    "allButtonPair" => "on",
    "html" => "Iron/31_RRBS.html",
  },
  "31_RRBS_CpG" => Map {
    "track" => "31_RRBS_CpG",
    "type" => "bigBed 9 +",
    "parent" => "31_RRBS on",
    "bigDataUrl" => "Iron/31_CpG.bb",
    "shortLabel" => "Iron Control 31 CpG",
    "longLabel" => "Iron Control Pig #31 Hippocampal CpG Methylation",
    "labelOnFeature" => "on",
  },
  "31_RRBS_non_CpG" => Map {
    "track" => "31_RRBS_non_CpG",
    "type" => "bigBed 9 +",
    "parent" => "31_RRBS off",
    "bigDataUrl" => "Iron/31_non_CpG.bb",
    "shortLabel" => "Iron Control 31 Non-CpG",
    "longLabel" => "Iron Control Pig #31 Hippocampal Non-CpG Methylation",
    "labelOnFeature" => "on",
  },
  "31_RNA-seq" => Map {
    "track" => "31_RNA-seq",
    "parent" => "Iron_Control_31",
    "container" => "multiWig",
    "shortLabel" => "Iron Control 31 RNA-seq",
    "longLabel" => "Iron Control Pig #31 Hippocampal RNA-seq Raw Signal",
    "type" => "bigWig",
    "viewLimits" => "-10:10",
    "visibility" => "full",
    "aggregate" => "solidOverlay",
    "showSubtrackColorOnUi" => "on",
    "windowingFunction" => "mean+whiskers",
    "html" => "Iron/31_RNA-seq.html",
  },
  "31_plus" => Map {
    "track" => "31_plus",
    "type" => "bigWig 0 100",
    "shortLabel" => "Iron Control 31 Plus",
    "longLabel" => "Iron Control Pig #31 Hippocampal Plus Strand RNA-seq Raw Signal",
    "bigDataUrl" => "Iron/31_plus.bigwig",
    "parent" => "31_RNA-seq",
    "color" => "0,0,255",
  },
  "31_minus" => Map {
    "track" => "31_minus",
    "type" => "bigWig 0 -100",
    "shortLabel" => "Iron Control 31 Minus",
    "longLabel" => "Iron Control Pig #31 Hippocampal Minus Strand RNA-seq Raw Signal",
    "bigDataUrl" => "Iron/31_minus.bigwig",
    "parent" => "31_RNA-seq",
    "color" => "255,0,0",
  },
  "Iron_Deficient_33" => Map {
    "track" => "Iron_Deficient_33",
    "superTrack" => "on show",
    "group" => "regulation",
    "shortLabel" => "Iron Deficient 33",
    "longLabel" => "Iron Deficient Pig #33 Hippocampal DNA Methylation and Gene Expression",
    "html" => "Iron/description.html",
  },
  "33_RRBS" => Map {
    "track" => "33_RRBS",
    "parent" => "Iron_Deficient_33",
    "compositeTrack" => "on",
    "shortLabel" => "Iron Deficient 33 RRBS",
    "longLabel" => "Iron Deficient Pig #33 Hippocampal DNA Methylation",
    "type" => "bigBed 9 +",
    "visibility" => "pack",
    "exonArrows" => "off",
    "itemRgb" => "on",
    "allButtonPair" => "on",
    "html" => "Iron/33_RRBS.html",
  },
  "33_RRBS_CpG" => Map {
    "track" => "33_RRBS_CpG",
    "type" => "bigBed 9 +",
    "parent" => "33_RRBS on",
    "bigDataUrl" => "Iron/33_CpG.bb",
    "shortLabel" => "Iron Deficient 33 CpG",
    "longLabel" => "Iron Deficient Pig #33 Hippocampal CpG Methylation",
    "labelOnFeature" => "on",
  },
  "33_RRBS_non_CpG" => Map {
    "track" => "33_RRBS_non_CpG",
    "type" => "bigBed 9 +",
    "parent" => "33_RRBS off",
    "bigDataUrl" => "Iron/33_non_CpG.bb",
    "shortLabel" => "Iron Deficient 33 Non-CpG",
    "longLabel" => "Iron Deficient Pig #33 Hippocampal Non-CpG Methylation",
    "labelOnFeature" => "on",
  },
  "33_RNA-seq" => Map {
    "track" => "33_RNA-seq",
    "parent" => "Iron_Deficient_33",
    "container" => "multiWig",
    "shortLabel" => "Iron Deficient 33 RNA-seq",
    "longLabel" => "Iron Deficient Pig #33 Hippocampal RNA-seq Raw Signal",
    "type" => "bigWig",
    "viewLimits" => "-10:10",
    "visibility" => "full",
    "aggregate" => "solidOverlay",
    "showSubtrackColorOnUi" => "on",
    "windowingFunction" => "mean+whiskers",
    "html" => "Iron/33_RNA-seq.html",
  },
  "33_plus" => Map {
    "track" => "33_plus",
    "type" => "bigWig 0 100",
    "shortLabel" => "Iron Deficient 33 Plus",
    "longLabel" => "Iron Deficient Pig #33 Hippocampal Plus Strand RNA-seq Raw Signal",
    "bigDataUrl" => "Iron/33_plus.bigwig",
    "parent" => "33_RNA-seq",
    "color" => "0,0,255",
  },
  "33_minus" => Map {
    "track" => "33_minus",
    "type" => "bigWig 0 -100",
    "shortLabel" => "Iron Deficient 33 Minus",
    "longLabel" => "Iron Deficient Pig #33 Hippocampal Minus Strand RNA-seq Raw Signal",
    "bigDataUrl" => "Iron/33_minus.bigwig",
    "parent" => "33_RNA-seq",
    "color" => "255,0,0",
  },
}
`;

exports[`TrackDbFile parses an extended trackDB.txt file 2`] = `
Map {
  "track" => "26_plus",
  "superTrack" => "on",
  "group" => "regulation",
  "shortLabel" => "PRRSv Control Plus",
  "longLabel" => "PRRSv Control Pig #26 Plus Strand Hippocampal RNA-seq Raw Signal",
  "html" => "PRRSv/26_RNA-seq.html",
  "parent" => "26_RNA-seq",
  "container" => "multiWig",
  "type" => "bigWig 0 100",
  "viewLimits" => "-10:10",
  "visibility" => "full",
  "aggregate" => "solidOverlay",
  "showSubtrackColorOnUi" => "on",
  "windowingFunction" => "mean+whiskers",
  "bigDataUrl" => "PRRSv/26_plus.bigwig",
  "color" => "0,0,255",
}
`;

exports[`TrackDbFile reads a basic trackDb.txt file 1`] = `
Map {
  "dnaseSignal" => Map {
    "track" => "dnaseSignal",
    "bigDataUrl" => "dnaseSignal.bigWig",
    "shortLabel" => "DNAse Signal",
    "longLabel" => "Depth of alignments of DNAse reads",
    "type" => "bigWig",
  },
  "dnaseReads" => Map {
    "track" => "dnaseReads",
    "bigDataUrl" => "dnaseReads.bam",
    "shortLabel" => "DNAse Reads",
    "longLabel" => "DNAse reads mapped with MAQ",
    "type" => "bam",
  },
}
`;
